2026-10-01T07:05:54+00:00 DEBUG tt4b_product_delete: missing access token for tt4b_product_sync
2026-10-01T07:05:54+00:00 DEBUG tt4b_product_delete: missing access token for tt4b_product_sync
2026-10-01T07:05:54+00:00 DEBUG tt4b_product_delete: missing access token for tt4b_product_sync
2026-10-01T07:06:17+00:00 DEBUG tt4b_product_delete: missing access token for tt4b_product_sync
2026-10-01T08:24:42+00:00 DEBUG tt4b_product_delete: missing access token for tt4b_product_sync
2026-10-01T08:51:33+00:00 DEBUG tt4b_product_delete: missing access token for tt4b_product_sync
2026-10-01T13:58:04+00:00 DEBUG Tt4b_Pixel_Class::inject_view_content_event: hit ViewContent
2026-10-01T13:58:04+00:00 DEBUG Tt4b_Pixel_Class::inject_view_content_event: Missing option "access_token"
2026-10-01T13:58:54+00:00 DEBUG Tt4b_Pixel_Class::inject_add_to_cart_event: hit AddToCart
2026-10-01T13:58:54+00:00 DEBUG Tt4b_Pixel_Class::inject_add_to_cart_event: Missing option "access_token"
2026-10-01T13:58:55+00:00 DEBUG Tt4b_Pixel_Class::inject_view_content_event: hit ViewContent
2026-10-01T13:58:55+00:00 DEBUG Tt4b_Pixel_Class::inject_view_content_event: Missing option "access_token"
2026-10-01T14:03:52+00:00 DEBUG Tt4b_Pixel_Class::inject_initiate_checkout_event: hit InitiateCheckout
2026-10-01T14:03:52+00:00 DEBUG Tt4b_Pixel_Class::inject_initiate_checkout_event: Missing option "access_token"
2026-10-01T14:10:38+00:00 DEBUG Tt4b_Pixel_Class::inject_initiate_checkout_event: hit InitiateCheckout
2026-10-01T14:10:38+00:00 DEBUG Tt4b_Pixel_Class::inject_initiate_checkout_event: Missing option "access_token"
2026-10-01T14:13:54+00:00 DEBUG Tt4b_Pixel_Class::inject_purchase_event: hit Purchase
2026-10-01T14:13:54+00:00 DEBUG Tt4b_Pixel_Class::inject_purchase_event: Missing option "access_token"
2026-10-01T14:22:32+00:00 DEBUG Tt4b_Pixel_Class::inject_view_content_event: hit ViewContent
2026-10-01T14:22:32+00:00 DEBUG Tt4b_Pixel_Class::inject_view_content_event: Missing option "access_token"
2026-10-01T14:47:18+00:00 DEBUG Tt4b_Pixel_Class::inject_view_content_event: hit ViewContent
2026-10-01T14:47:18+00:00 DEBUG Tt4b_Pixel_Class::inject_view_content_event: Missing option "access_token"
2026-10-01T15:34:01+00:00 DEBUG Tt4b_Pixel_Class::inject_view_content_event: hit ViewContent
2026-10-01T15:34:01+00:00 DEBUG Tt4b_Pixel_Class::inject_view_content_event: Missing option "access_token"
2026-10-01T15:35:47+00:00 DEBUG Tt4b_Pixel_Class::inject_add_to_cart_event: hit AddToCart
2026-10-01T15:35:47+00:00 DEBUG Tt4b_Pixel_Class::inject_add_to_cart_event: Missing option "access_token"
2026-10-01T15:35:48+00:00 DEBUG Tt4b_Pixel_Class::inject_view_content_event: hit ViewContent
2026-10-01T15:35:48+00:00 DEBUG Tt4b_Pixel_Class::inject_view_content_event: Missing option "access_token"
2026-10-01T15:36:18+00:00 DEBUG Tt4b_Pixel_Class::inject_initiate_checkout_event: hit InitiateCheckout
2026-10-01T15:36:18+00:00 DEBUG Tt4b_Pixel_Class::inject_initiate_checkout_event: Missing option "access_token"
2026-10-01T15:38:47+00:00 DEBUG Tt4b_Pixel_Class::inject_purchase_event: hit Purchase
2026-10-01T15:38:47+00:00 DEBUG Tt4b_Pixel_Class::inject_purchase_event: Missing option "access_token"
2026-10-01T15:41:23+00:00 DEBUG Tt4b_Pixel_Class::inject_view_content_event: hit ViewContent
2026-10-01T15:41:23+00:00 DEBUG Tt4b_Pixel_Class::inject_view_content_event: Missing option "access_token"
2026-10-01T15:51:03+00:00 DEBUG Tt4b_Pixel_Class::inject_view_content_event: hit ViewContent
2026-10-01T15:51:03+00:00 DEBUG Tt4b_Pixel_Class::inject_view_content_event: Missing option "access_token"
2026-10-01T15:51:20+00:00 DEBUG Tt4b_Pixel_Class::inject_add_to_cart_event: hit AddToCart
2026-10-01T15:51:20+00:00 DEBUG Tt4b_Pixel_Class::inject_add_to_cart_event: Missing option "access_token"
2026-10-01T15:51:21+00:00 DEBUG Tt4b_Pixel_Class::inject_view_content_event: hit ViewContent
2026-10-01T15:51:21+00:00 DEBUG Tt4b_Pixel_Class::inject_view_content_event: Missing option "access_token"
2026-10-01T15:51:46+00:00 DEBUG Tt4b_Pixel_Class::inject_initiate_checkout_event: hit InitiateCheckout
2026-10-01T15:51:46+00:00 DEBUG Tt4b_Pixel_Class::inject_initiate_checkout_event: Missing option "access_token"
2026-10-01T15:53:36+00:00 DEBUG Tt4b_Pixel_Class::inject_purchase_event: hit Purchase
2026-10-01T15:53:36+00:00 DEBUG Tt4b_Pixel_Class::inject_purchase_event: Missing option "access_token"
2026-10-01T16:04:14+00:00 DEBUG Tt4b_Pixel_Class::inject_add_to_cart_event: hit AddToCart
2026-10-01T16:04:14+00:00 DEBUG Tt4b_Pixel_Class::inject_add_to_cart_event: Missing option "access_token"
2026-10-01T16:04:37+00:00 DEBUG Tt4b_Pixel_Class::inject_initiate_checkout_event: hit InitiateCheckout
2026-10-01T16:04:37+00:00 DEBUG Tt4b_Pixel_Class::inject_initiate_checkout_event: Missing option "access_token"
2026-10-01T16:05:19+00:00 DEBUG Tt4b_Pixel_Class::inject_purchase_event: hit Purchase
2026-10-01T16:05:19+00:00 DEBUG Tt4b_Pixel_Class::inject_purchase_event: Missing option "access_token"
2026-10-01T16:06:01+00:00 DEBUG Tt4b_Pixel_Class::inject_purchase_event: hit Purchase
2026-10-01T16:06:01+00:00 DEBUG Tt4b_Pixel_Class::inject_purchase_event: Missing option "access_token"
