2026-09-04T07:29:27+00:00 DEBUG #1657 - [New Request] GET /Shop/wordpress-7.1/wp-admin/plugins.php
2026-09-04T07:29:27+00:00 DEBUG #1657 - Webhook lock acquired for 'unregister'.
2026-09-04T07:29:27+00:00 DEBUG #1657 - Webhook operation 'unregister' started.
2026-09-04T07:29:28+00:00 DEBUG #1657 - GET https://api.woocommerce.com/integrations/ppc/v1/notifications/webhooks
Response: Array
(
    [code] => 404
    [message] => Not Found
)

Response Body: {"statusCode":404,"error":"Not Found","message":"Not Found"}

2026-09-04T07:29:28+00:00 ERROR #1657 - Failed to delete webhooks: [Error] Not Found
2026-09-04T07:29:28+00:00 INFO #1657 - Webhooks deleted.
2026-09-04T07:29:28+00:00 DEBUG #1657 - Webhook lock released for 'unregister'.
2026-09-04T07:29:31+00:00 DEBUG #6875 - [New Request] GET /Shop/wordpress-7.1/wp-admin/admin.php
2026-09-04T07:29:31+00:00 DEBUG #6875 - GET https://api.woocommerce.com/integrations/ppc/v1/customer/partners/K8SKZ36LQBWXJ/merchant-integrations/
Response: Array
(
    [code] => 404
    [message] => Not Found
)

Response Body: {"statusCode":404,"error":"Not Found","message":"Not Found"}

2026-09-04T07:29:31+00:00 WARNING #6875 - [Error] Not Found CONTEXT: {"args":{"method":"GET","headers":{"Authorization":"Bearer token","Content-Type":"application/json"}},"response":{"headers":{},"body":"{\"statusCode\":404,\"error\":\"Not Found\",\"message\":\"Not Found\"}","response":{"code":404,"message":"Not Found"},"cookies":[],"filename":null,"http_response":{"data":null,"headers":null,"status":null}}}
